worst   1
wisdom  1
was 4
times   2
the 4
of  4
it  4
foolishness 1
best    1
age 2
